Archive member included because of file (symbol)

e:/2-iti/tools/imt_sdk_win_64/winavr/bin/../lib/gcc/avr/4.3.3/avr5\libgcc.a(_mulsi3.o)
                              ./MCAL/TIMERS/TIMER0/TIMER0_Program.o (__mulsi3)
e:/2-iti/tools/imt_sdk_win_64/winavr/bin/../lib/gcc/avr/4.3.3/avr5\libgcc.a(_udivmodhi4.o)
                              ./App/main.o (__udivmodhi4)
e:/2-iti/tools/imt_sdk_win_64/winavr/bin/../lib/gcc/avr/4.3.3/avr5\libgcc.a(_udivmodsi4.o)
                              ./MCAL/TIMERS/TIMER0/TIMER0_Program.o (__udivmodsi4)
e:/2-iti/tools/imt_sdk_win_64/winavr/bin/../lib/gcc/avr/4.3.3/avr5\libgcc.a(_exit.o)
                              e:/2-iti/tools/imt_sdk_win_64/winavr/bin/../lib/gcc/avr/4.3.3/../../../../avr/lib/avr5/crtm32.o (exit)
e:/2-iti/tools/imt_sdk_win_64/winavr/bin/../lib/gcc/avr/4.3.3/avr5\libgcc.a(_copy_data.o)
                              ./App/main.o (__do_copy_data)
e:/2-iti/tools/imt_sdk_win_64/winavr/bin/../lib/gcc/avr/4.3.3/avr5\libgcc.a(_clear_bss.o)
                              ./MCAL/USART/USART_Program.o (__do_clear_bss)
e:/2-iti/tools/imt_sdk_win_64/winavr/bin/../lib/gcc/avr/4.3.3/avr5\libgcc.a(_fixunssfsi.o)
                              ./HAL/LCD/LCD_Program.o (__fixunssfsi)
e:/2-iti/tools/imt_sdk_win_64/winavr/bin/../lib/gcc/avr/4.3.3/avr5\libgcc.a(_addsub_sf.o)
                              e:/2-iti/tools/imt_sdk_win_64/winavr/bin/../lib/gcc/avr/4.3.3/avr5\libgcc.a(_fixunssfsi.o) (__subsf3)
e:/2-iti/tools/imt_sdk_win_64/winavr/bin/../lib/gcc/avr/4.3.3/avr5\libgcc.a(_mul_sf.o)
                              ./HAL/LCD/LCD_Program.o (__mulsf3)
e:/2-iti/tools/imt_sdk_win_64/winavr/bin/../lib/gcc/avr/4.3.3/avr5\libgcc.a(_gt_sf.o)
                              ./HAL/LCD/LCD_Program.o (__gtsf2)
e:/2-iti/tools/imt_sdk_win_64/winavr/bin/../lib/gcc/avr/4.3.3/avr5\libgcc.a(_ge_sf.o)
                              e:/2-iti/tools/imt_sdk_win_64/winavr/bin/../lib/gcc/avr/4.3.3/avr5\libgcc.a(_fixunssfsi.o) (__gesf2)
e:/2-iti/tools/imt_sdk_win_64/winavr/bin/../lib/gcc/avr/4.3.3/avr5\libgcc.a(_lt_sf.o)
                              ./HAL/LCD/LCD_Program.o (__ltsf2)
e:/2-iti/tools/imt_sdk_win_64/winavr/bin/../lib/gcc/avr/4.3.3/avr5\libgcc.a(_sf_to_si.o)
                              e:/2-iti/tools/imt_sdk_win_64/winavr/bin/../lib/gcc/avr/4.3.3/avr5\libgcc.a(_fixunssfsi.o) (__fixsfsi)
e:/2-iti/tools/imt_sdk_win_64/winavr/bin/../lib/gcc/avr/4.3.3/avr5\libgcc.a(_thenan_sf.o)
                              e:/2-iti/tools/imt_sdk_win_64/winavr/bin/../lib/gcc/avr/4.3.3/avr5\libgcc.a(_addsub_sf.o) (__thenan_sf)
e:/2-iti/tools/imt_sdk_win_64/winavr/bin/../lib/gcc/avr/4.3.3/avr5\libgcc.a(_prologue.o)
                              e:/2-iti/tools/imt_sdk_win_64/winavr/bin/../lib/gcc/avr/4.3.3/avr5\libgcc.a(_addsub_sf.o) (__prologue_saves__)
e:/2-iti/tools/imt_sdk_win_64/winavr/bin/../lib/gcc/avr/4.3.3/avr5\libgcc.a(_epilogue.o)
                              e:/2-iti/tools/imt_sdk_win_64/winavr/bin/../lib/gcc/avr/4.3.3/avr5\libgcc.a(_addsub_sf.o) (__epilogue_restores__)
e:/2-iti/tools/imt_sdk_win_64/winavr/bin/../lib/gcc/avr/4.3.3/avr5\libgcc.a(_pack_sf.o)
                              e:/2-iti/tools/imt_sdk_win_64/winavr/bin/../lib/gcc/avr/4.3.3/avr5\libgcc.a(_addsub_sf.o) (__pack_f)
e:/2-iti/tools/imt_sdk_win_64/winavr/bin/../lib/gcc/avr/4.3.3/avr5\libgcc.a(_unpack_sf.o)
                              e:/2-iti/tools/imt_sdk_win_64/winavr/bin/../lib/gcc/avr/4.3.3/avr5\libgcc.a(_addsub_sf.o) (__unpack_f)
e:/2-iti/tools/imt_sdk_win_64/winavr/bin/../lib/gcc/avr/4.3.3/avr5\libgcc.a(_fpcmp_parts_sf.o)
                              e:/2-iti/tools/imt_sdk_win_64/winavr/bin/../lib/gcc/avr/4.3.3/avr5\libgcc.a(_gt_sf.o) (__fpcmp_parts_f)

Memory Configuration

Name             Origin             Length             Attributes
text             0x00000000         0x00020000         xr
data             0x00800060         0x0000ffa0         rw !x
eeprom           0x00810000         0x00010000         rw !x
fuse             0x00820000         0x00000400         rw !x
lock             0x00830000         0x00000400         rw !x
signature        0x00840000         0x00000400         rw !x
*default*        0x00000000         0xffffffff

Linker script and memory map

LOAD e:/2-iti/tools/imt_sdk_win_64/winavr/bin/../lib/gcc/avr/4.3.3/../../../../avr/lib/avr5/crtm32.o
LOAD ./MCAL/USART/USART_Program.o
LOAD ./MCAL/TIMERS/TIMER1/TIMER1_Program.o
LOAD ./MCAL/TIMERS/TIMER0/TIMER0_Program.o
LOAD ./MCAL/SPI/SPI_Program.o
LOAD ./MCAL/ICU/ICU_Program.o
LOAD ./MCAL/I2C/I2C_Program.o
LOAD ./MCAL/GIE/GIE_Program.o
LOAD ./MCAL/EXTI/EXTI_Program.o
LOAD ./MCAL/DIO/DIO_Program.o
LOAD ./MCAL/ADC/ADC_Program.o
LOAD ./HAL/LCD/LCD_Program.o
LOAD ./HAL/DCMOTOR/DCMOTORS_Program.o
LOAD ./App/main.o
LOAD e:/2-iti/tools/imt_sdk_win_64/winavr/bin/../lib/gcc/avr/4.3.3/avr5\libgcc.a
LOAD e:/2-iti/tools/imt_sdk_win_64/winavr/bin/../lib/gcc/avr/4.3.3/../../../../avr/lib/avr5\libc.a
LOAD e:/2-iti/tools/imt_sdk_win_64/winavr/bin/../lib/gcc/avr/4.3.3/avr5\libgcc.a

.hash
 *(.hash)

.dynsym
 *(.dynsym)

.dynstr
 *(.dynstr)

.gnu.version
 *(.gnu.version)

.gnu.version_d
 *(.gnu.version_d)

.gnu.version_r
 *(.gnu.version_r)

.rel.init
 *(.rel.init)

.rela.init
 *(.rela.init)

.rel.text
 *(.rel.text)
 *(.rel.text.*)
 *(.rel.gnu.linkonce.t*)

.rela.text
 *(.rela.text)
 *(.rela.text.*)
 *(.rela.gnu.linkonce.t*)

.rel.fini
 *(.rel.fini)

.rela.fini
 *(.rela.fini)

.rel.rodata
 *(.rel.rodata)
 *(.rel.rodata.*)
 *(.rel.gnu.linkonce.r*)

.rela.rodata
 *(.rela.rodata)
 *(.rela.rodata.*)
 *(.rela.gnu.linkonce.r*)

.rel.data
 *(.rel.data)
 *(.rel.data.*)
 *(.rel.gnu.linkonce.d*)

.rela.data
 *(.rela.data)
 *(.rela.data.*)
 *(.rela.gnu.linkonce.d*)

.rel.ctors
 *(.rel.ctors)

.rela.ctors
 *(.rela.ctors)

.rel.dtors
 *(.rel.dtors)

.rela.dtors
 *(.rela.dtors)

.rel.got
 *(.rel.got)

.rela.got
 *(.rela.got)

.rel.bss
 *(.rel.bss)

.rela.bss
 *(.rela.bss)

.rel.plt
 *(.rel.plt)

.rela.plt
 *(.rela.plt)

.text           0x00000000     0x4c8c
 *(.vectors)
 .vectors       0x00000000       0x54 e:/2-iti/tools/imt_sdk_win_64/winavr/bin/../lib/gcc/avr/4.3.3/../../../../avr/lib/avr5/crtm32.o
                0x00000000                __vectors
                0x00000000                __vector_default
 *(.vectors)
 *(.progmem.gcc*)
 *(.progmem*)
                0x00000054                . = ALIGN (0x2)
                0x00000054                __trampolines_start = .
 *(.trampolines)
 .trampolines   0x00000054        0x0 linker stubs
 *(.trampolines*)
                0x00000054                __trampolines_end = .
 *(.jumptables)
 *(.jumptables*)
 *(.lowtext)
 *(.lowtext*)
                0x00000054                __ctors_start = .
 *(.ctors)
                0x00000054                __ctors_end = .
                0x00000054                __dtors_start = .
 *(.dtors)
                0x00000054                __dtors_end = .
 SORT(*)(.ctors)
 SORT(*)(.dtors)
 *(.init0)
 .init0         0x00000054        0x0 e:/2-iti/tools/imt_sdk_win_64/winavr/bin/../lib/gcc/avr/4.3.3/../../../../avr/lib/avr5/crtm32.o
                0x00000054                __init
 *(.init0)
 *(.init1)
 *(.init1)
 *(.init2)
 .init2         0x00000054        0xc e:/2-iti/tools/imt_sdk_win_64/winavr/bin/../lib/gcc/avr/4.3.3/../../../../avr/lib/avr5/crtm32.o
 *(.init2)
 *(.init3)
 *(.init3)
 *(.init4)
 .init4         0x00000060       0x16 e:/2-iti/tools/imt_sdk_win_64/winavr/bin/../lib/gcc/avr/4.3.3/avr5\libgcc.a(_copy_data.o)
                0x00000060                __do_copy_data
 .init4         0x00000076       0x10 e:/2-iti/tools/imt_sdk_win_64/winavr/bin/../lib/gcc/avr/4.3.3/avr5\libgcc.a(_clear_bss.o)
                0x00000076                __do_clear_bss
 *(.init4)
 *(.init5)
 *(.init5)
 *(.init6)
 *(.init6)
 *(.init7)
 *(.init7)
 *(.init8)
 *(.init8)
 *(.init9)
 .init9         0x00000086        0x8 e:/2-iti/tools/imt_sdk_win_64/winavr/bin/../lib/gcc/avr/4.3.3/../../../../avr/lib/avr5/crtm32.o
 *(.init9)
 *(.text)
 .text          0x0000008e        0x4 e:/2-iti/tools/imt_sdk_win_64/winavr/bin/../lib/gcc/avr/4.3.3/../../../../avr/lib/avr5/crtm32.o
                0x0000008e                __bad_interrupt
                0x0000008e                __vector_17
                0x0000008e                __vector_19
                0x0000008e                __vector_7
                0x0000008e                __vector_5
                0x0000008e                __vector_4
                0x0000008e                __vector_9
                0x0000008e                __vector_8
                0x0000008e                __vector_18
                0x0000008e                __vector_20
 .text          0x00000092        0x0 ./MCAL/USART/USART_Program.o
 .text          0x00000092        0x0 ./MCAL/TIMERS/TIMER1/TIMER1_Program.o
 .text          0x00000092        0x0 ./MCAL/TIMERS/TIMER0/TIMER0_Program.o
 .text          0x00000092        0x0 ./MCAL/SPI/SPI_Program.o
 .text          0x00000092        0x0 ./MCAL/ICU/ICU_Program.o
 .text          0x00000092        0x0 ./MCAL/I2C/I2C_Program.o
 .text          0x00000092        0x0 ./MCAL/GIE/GIE_Program.o
 .text          0x00000092        0x0 ./MCAL/EXTI/EXTI_Program.o
 .text          0x00000092        0x0 ./MCAL/DIO/DIO_Program.o
 .text          0x00000092        0x0 ./MCAL/ADC/ADC_Program.o
 .text          0x00000092        0x0 ./HAL/LCD/LCD_Program.o
 .text          0x00000092        0x0 ./HAL/DCMOTOR/DCMOTORS_Program.o
 .text          0x00000092        0x0 ./App/main.o
 .text          0x00000092        0x0 e:/2-iti/tools/imt_sdk_win_64/winavr/bin/../lib/gcc/avr/4.3.3/avr5\libgcc.a(_mulsi3.o)
 .text          0x00000092        0x0 e:/2-iti/tools/imt_sdk_win_64/winavr/bin/../lib/gcc/avr/4.3.3/avr5\libgcc.a(_udivmodhi4.o)
 .text          0x00000092        0x0 e:/2-iti/tools/imt_sdk_win_64/winavr/bin/../lib/gcc/avr/4.3.3/avr5\libgcc.a(_udivmodsi4.o)
 .text          0x00000092        0x0 e:/2-iti/tools/imt_sdk_win_64/winavr/bin/../lib/gcc/avr/4.3.3/avr5\libgcc.a(_exit.o)
 .text          0x00000092        0x0 e:/2-iti/tools/imt_sdk_win_64/winavr/bin/../lib/gcc/avr/4.3.3/avr5\libgcc.a(_copy_data.o)
 .text          0x00000092        0x0 e:/2-iti/tools/imt_sdk_win_64/winavr/bin/../lib/gcc/avr/4.3.3/avr5\libgcc.a(_clear_bss.o)
 .text          0x00000092       0x58 e:/2-iti/tools/imt_sdk_win_64/winavr/bin/../lib/gcc/avr/4.3.3/avr5\libgcc.a(_fixunssfsi.o)
                0x00000092                __fixunssfsi
 .text          0x000000ea      0x354 e:/2-iti/tools/imt_sdk_win_64/winavr/bin/../lib/gcc/avr/4.3.3/avr5\libgcc.a(_addsub_sf.o)
                0x00000382                __subsf3
                0x000003e4                __addsf3
 .text          0x0000043e      0x1f4 e:/2-iti/tools/imt_sdk_win_64/winavr/bin/../lib/gcc/avr/4.3.3/avr5\libgcc.a(_mul_sf.o)
                0x0000043e                __mulsf3
 .text          0x00000632       0x60 e:/2-iti/tools/imt_sdk_win_64/winavr/bin/../lib/gcc/avr/4.3.3/avr5\libgcc.a(_gt_sf.o)
                0x00000632                __gtsf2
 .text          0x00000692       0x60 e:/2-iti/tools/imt_sdk_win_64/winavr/bin/../lib/gcc/avr/4.3.3/avr5\libgcc.a(_ge_sf.o)
                0x00000692                __gesf2
 .text          0x000006f2       0x60 e:/2-iti/tools/imt_sdk_win_64/winavr/bin/../lib/gcc/avr/4.3.3/avr5\libgcc.a(_lt_sf.o)
                0x000006f2                __ltsf2
 .text          0x00000752       0xa8 e:/2-iti/tools/imt_sdk_win_64/winavr/bin/../lib/gcc/avr/4.3.3/avr5\libgcc.a(_sf_to_si.o)
                0x00000752                __fixsfsi
 .text          0x000007fa        0x0 e:/2-iti/tools/imt_sdk_win_64/winavr/bin/../lib/gcc/avr/4.3.3/avr5\libgcc.a(_thenan_sf.o)
 .text          0x000007fa        0x0 e:/2-iti/tools/imt_sdk_win_64/winavr/bin/../lib/gcc/avr/4.3.3/avr5\libgcc.a(_prologue.o)
 .text          0x000007fa        0x0 e:/2-iti/tools/imt_sdk_win_64/winavr/bin/../lib/gcc/avr/4.3.3/avr5\libgcc.a(_epilogue.o)
 .text          0x000007fa      0x1aa e:/2-iti/tools/imt_sdk_win_64/winavr/bin/../lib/gcc/avr/4.3.3/avr5\libgcc.a(_pack_sf.o)
                0x000007fa                __pack_f
 .text          0x000009a4       0xf0 e:/2-iti/tools/imt_sdk_win_64/winavr/bin/../lib/gcc/avr/4.3.3/avr5\libgcc.a(_unpack_sf.o)
                0x000009a4                __unpack_f
 .text          0x00000a94       0xb2 e:/2-iti/tools/imt_sdk_win_64/winavr/bin/../lib/gcc/avr/4.3.3/avr5\libgcc.a(_fpcmp_parts_sf.o)
                0x00000a94                __fpcmp_parts_f
                0x00000b46                . = ALIGN (0x2)
 *(.text.*)
 .text.USART_voidInit
                0x00000b46       0xd0 ./MCAL/USART/USART_Program.o
                0x00000b46                USART_voidInit
 .text.USART_voidSendData
                0x00000c16       0x3c ./MCAL/USART/USART_Program.o
                0x00000c16                USART_voidSendData
 .text.USART_voidRecieveData
                0x00000c52       0x2e ./MCAL/USART/USART_Program.o
                0x00000c52                USART_voidRecieveData
 .text.USART_voidAsyncSendData
                0x00000c80       0x4c ./MCAL/USART/USART_Program.o
                0x00000c80                USART_voidAsyncSendData
 .text.USART_voidAsyncRecieveData
                0x00000ccc       0x32 ./MCAL/USART/USART_Program.o
                0x00000ccc                USART_voidAsyncRecieveData
 .text.__vector_13
                0x00000cfe       0x44 ./MCAL/USART/USART_Program.o
                0x00000cfe                __vector_13
 .text.__vector_14
                0x00000d42       0x36 ./MCAL/USART/USART_Program.o
                0x00000d42                __vector_14
 .text.__vector_15
                0x00000d78       0x5a ./MCAL/USART/USART_Program.o
                0x00000d78                __vector_15
 .text.TIMER1_voidInit
                0x00000dd2       0xb6 ./MCAL/TIMERS/TIMER1/TIMER1_Program.o
                0x00000dd2                TIMER1_voidInit
 .text.TIMER1_voidSetCallBack_OVF
                0x00000e88       0x24 ./MCAL/TIMERS/TIMER1/TIMER1_Program.o
                0x00000e88                TIMER1_voidSetCallBack_OVF
 .text.TIMER1_voidSetCallBack_CTC
                0x00000eac       0x24 ./MCAL/TIMERS/TIMER1/TIMER1_Program.o
                0x00000eac                TIMER1_voidSetCallBack_CTC
 .text.TIMER1_voidSetPreloadValue
                0x00000ed0       0x18 ./MCAL/TIMERS/TIMER1/TIMER1_Program.o
                0x00000ed0                TIMER1_voidSetPreloadValue
 .text.TIMER1_voidSetCompareMatchValue_T1A
                0x00000ee8       0x30 ./MCAL/TIMERS/TIMER1/TIMER1_Program.o
                0x00000ee8                TIMER1_voidSetCompareMatchValue_T1A
 .text.TIMER1_voidSetCompareMatchValue_T1B
                0x00000f18       0x30 ./MCAL/TIMERS/TIMER1/TIMER1_Program.o
                0x00000f18                TIMER1_voidSetCompareMatchValue_T1B
 .text.TIMER1_void_u16PWM_T1A
                0x00000f48       0x36 ./MCAL/TIMERS/TIMER1/TIMER1_Program.o
                0x00000f48                TIMER1_void_u16PWM_T1A
 .text.TIMER1_void_u16PWM_T1B
                0x00000f7e       0x36 ./MCAL/TIMERS/TIMER1/TIMER1_Program.o
                0x00000f7e                TIMER1_void_u16PWM_T1B
 .text.TIMER0_voidInit
                0x00000fb4       0x70 ./MCAL/TIMERS/TIMER0/TIMER0_Program.o
                0x00000fb4                TIMER0_voidInit
 .text.TIMER0_voidSetCallBack_OVF
                0x00001024       0x24 ./MCAL/TIMERS/TIMER0/TIMER0_Program.o
                0x00001024                TIMER0_voidSetCallBack_OVF
 .text.TIMER0_voidSetCallBack_CTC
                0x00001048       0x24 ./MCAL/TIMERS/TIMER0/TIMER0_Program.o
                0x00001048                TIMER0_voidSetCallBack_CTC
 .text.TIMER0_voidSetPreloadValue
                0x0000106c       0x14 ./MCAL/TIMERS/TIMER0/TIMER0_Program.o
                0x0000106c                TIMER0_voidSetPreloadValue
 .text.TIMER0_voidSetCompareMatchValue
                0x00001080       0x2a ./MCAL/TIMERS/TIMER0/TIMER0_Program.o
                0x00001080                TIMER0_voidSetCompareMatchValue
 .text.TIMER0_voidSetCallBack_CTC_andRequiredTime_ms
                0x000010aa       0x52 ./MCAL/TIMERS/TIMER0/TIMER0_Program.o
                0x000010aa                TIMER0_voidSetCallBack_CTC_andRequiredTime_ms
 .text.TIMER0_voidSetBusyWait_ms
                0x000010fc       0xfc ./MCAL/TIMERS/TIMER0/TIMER0_Program.o
                0x000010fc                TIMER0_voidSetBusyWait_ms
 .text.TIMER0_voidPWM
                0x000011f8       0x1a ./MCAL/TIMERS/TIMER0/TIMER0_Program.o
                0x000011f8                TIMER0_voidPWM
 .text.__vector_11
                0x00001212       0x9e ./MCAL/TIMERS/TIMER0/TIMER0_Program.o
                0x00001212                __vector_11
 .text.__vector_10
                0x000012b0      0x158 ./MCAL/TIMERS/TIMER0/TIMER0_Program.o
                0x000012b0                __vector_10
 .text.SPI_voidMasterInit
                0x00001408       0xa6 ./MCAL/SPI/SPI_Program.o
                0x00001408                SPI_voidMasterInit
 .text.SPI_voidSlaveInit
                0x000014ae       0x86 ./MCAL/SPI/SPI_Program.o
                0x000014ae                SPI_voidSlaveInit
 .text.SPI_u8TranceiveData
                0x00001534       0x3a ./MCAL/SPI/SPI_Program.o
                0x00001534                SPI_u8TranceiveData
 .text.SPI_voidTransmitData
                0x0000156e       0x34 ./MCAL/SPI/SPI_Program.o
                0x0000156e                SPI_voidTransmitData
 .text.SPI_voidRecieveData
                0x000015a2       0x14 ./MCAL/SPI/SPI_Program.o
                0x000015a2                SPI_voidRecieveData
 .text.SPI_voidTranceiveString
                0x000015b6       0x8e ./MCAL/SPI/SPI_Program.o
                0x000015b6                SPI_voidTranceiveString
 .text.SPI_u8AsynTranceiveData
                0x00001644       0x2a ./MCAL/SPI/SPI_Program.o
                0x00001644                SPI_u8AsynTranceiveData
 .text.SPI_voidSetCallBack
                0x0000166e       0x24 ./MCAL/SPI/SPI_Program.o
                0x0000166e                SPI_voidSetCallBack
 .text.__vector_12
                0x00001692       0x86 ./MCAL/SPI/SPI_Program.o
                0x00001692                __vector_12
 .text.ICU_voidInit
                0x00001718       0x96 ./MCAL/ICU/ICU_Program.o
                0x00001718                ICU_voidInit
 .text.ICU_voidDisableInterrupt
                0x000017ae       0x1c ./MCAL/ICU/ICU_Program.o
                0x000017ae                ICU_voidDisableInterrupt
 .text.ICU_voidEdgeSelect
                0x000017ca       0x56 ./MCAL/ICU/ICU_Program.o
                0x000017ca                ICU_voidEdgeSelect
 .text.ICU_u16GetReadICR1
                0x00001820       0x16 ./MCAL/ICU/ICU_Program.o
                0x00001820                ICU_u16GetReadICR1
 .text.ICU_SetCallBackFun
                0x00001836       0x24 ./MCAL/ICU/ICU_Program.o
                0x00001836                ICU_SetCallBackFun
 .text.__vector_6
                0x0000185a       0x66 ./MCAL/ICU/ICU_Program.o
                0x0000185a                __vector_6
 .text.I2C_voidMasterInit
                0x000018c0       0x5a ./MCAL/I2C/I2C_Program.o
                0x000018c0                I2C_voidMasterInit
 .text.I2C_Master_u8StartCondition
                0x0000191a       0x54 ./MCAL/I2C/I2C_Program.o
                0x0000191a                I2C_Master_u8StartCondition
 .text.I2C_Master_u8ReStartCondition
                0x0000196e       0x54 ./MCAL/I2C/I2C_Program.o
                0x0000196e                I2C_Master_u8ReStartCondition
 .text.I2C_Master_u8SendSLA_Write_ACK
                0x000019c2       0x70 ./MCAL/I2C/I2C_Program.o
                0x000019c2                I2C_Master_u8SendSLA_Write_ACK
 .text.I2C_Master_u8SendSLA_Write_NOTACK
                0x00001a32       0x74 ./MCAL/I2C/I2C_Program.o
                0x00001a32                I2C_Master_u8SendSLA_Write_NOTACK
 .text.I2C_Master_u8SendSLA_Read_ACK
                0x00001aa6       0x70 ./MCAL/I2C/I2C_Program.o
                0x00001aa6                I2C_Master_u8SendSLA_Read_ACK
 .text.I2C_Master_u8SendSLA_Read_NOTACK
                0x00001b16       0x74 ./MCAL/I2C/I2C_Program.o
                0x00001b16                I2C_Master_u8SendSLA_Read_NOTACK
 .text.I2C_Master_u8WriteDataByte_ACK
                0x00001b8a       0x52 ./MCAL/I2C/I2C_Program.o
                0x00001b8a                I2C_Master_u8WriteDataByte_ACK
 .text.I2C_Master_u8WriteDataByte_NOTACK
                0x00001bdc       0x56 ./MCAL/I2C/I2C_Program.o
                0x00001bdc                I2C_Master_u8WriteDataByte_NOTACK
 .text.I2C_Master_u8ReadDataByte_ACK
                0x00001c32       0x5c ./MCAL/I2C/I2C_Program.o
                0x00001c32                I2C_Master_u8ReadDataByte_ACK
 .text.I2C_Master_u8ReadDataByte_NOTACK
                0x00001c8e       0x60 ./MCAL/I2C/I2C_Program.o
                0x00001c8e                I2C_Master_u8ReadDataByte_NOTACK
 .text.I2C_Master_voidStopCondition
                0x00001cee       0x2a ./MCAL/I2C/I2C_Program.o
                0x00001cee                I2C_Master_voidStopCondition
 .text.I2C_voidSlaveInit
                0x00001d18       0x30 ./MCAL/I2C/I2C_Program.o
                0x00001d18                I2C_voidSlaveInit
 .text.I2C_SLAVE_u8OwnSLA_Write_Recieved_ACK
                0x00001d48       0x46 ./MCAL/I2C/I2C_Program.o
                0x00001d48                I2C_SLAVE_u8OwnSLA_Write_Recieved_ACK
 .text.I2C_SLAVE_u8OwnSLA_Read_Recieved_ACK
                0x00001d8e       0x46 ./MCAL/I2C/I2C_Program.o
                0x00001d8e                I2C_SLAVE_u8OwnSLA_Read_Recieved_ACK
 .text.I2C_SLAVE_u8DataByteRecieved_ACK
                0x00001dd4       0x5c ./MCAL/I2C/I2C_Program.o
                0x00001dd4                I2C_SLAVE_u8DataByteRecieved_ACK
 .text.I2C_SLAVE_u8DataByteRecieved_NOTACK
                0x00001e30       0x60 ./MCAL/I2C/I2C_Program.o
                0x00001e30                I2C_SLAVE_u8DataByteRecieved_NOTACK
 .text.I2C_SLAVE_u8DataByteTransmit_ACK
                0x00001e90       0x52 ./MCAL/I2C/I2C_Program.o
                0x00001e90                I2C_SLAVE_u8DataByteTransmit_ACK
 .text.I2C_SLAVE_u8DataByteTransmit_NOTACK
                0x00001ee2       0x56 ./MCAL/I2C/I2C_Program.o
                0x00001ee2                I2C_SLAVE_u8DataByteTransmit_NOTACK
 .text.Enable_ACK
                0x00001f38       0x1c ./MCAL/I2C/I2C_Program.o
                0x00001f38                Enable_ACK
 .text.Disable_ACK
                0x00001f54       0x1c ./MCAL/I2C/I2C_Program.o
                0x00001f54                Disable_ACK
 .text.GIE_void_Enable
                0x00001f70       0x1c ./MCAL/GIE/GIE_Program.o
                0x00001f70                GIE_void_Enable
 .text.GIE_void_Disable
                0x00001f8c       0x1c ./MCAL/GIE/GIE_Program.o
                0x00001f8c                GIE_void_Disable
 .text.EXTI_voidEnable
                0x00001fa8      0x228 ./MCAL/EXTI/EXTI_Program.o
                0x00001fa8                EXTI_voidEnable
 .text.EXTI_voidDisable
                0x000021d0       0x6e ./MCAL/EXTI/EXTI_Program.o
                0x000021d0                EXTI_voidDisable
 .text.EXTI_voidSetCallBack
                0x0000223e       0x72 ./MCAL/EXTI/EXTI_Program.o
                0x0000223e                EXTI_voidSetCallBack
 .text.__vector_1
                0x000022b0       0x66 ./MCAL/EXTI/EXTI_Program.o
                0x000022b0                __vector_1
 .text.__vector_2
                0x00002316       0x66 ./MCAL/EXTI/EXTI_Program.o
                0x00002316                __vector_2
 .text.__vector_3
                0x0000237c       0x66 ./MCAL/EXTI/EXTI_Program.o
                0x0000237c                __vector_3
 .text.DIO_voidSetPinDirection
                0x000023e2      0x220 ./MCAL/DIO/DIO_Program.o
                0x000023e2                DIO_voidSetPinDirection
 .text.DIO_voidSetPortDirection
                0x00002602      0x112 ./MCAL/DIO/DIO_Program.o
                0x00002602                DIO_voidSetPortDirection
 .text.DIO_voidSetPinValue
                0x00002714      0x220 ./MCAL/DIO/DIO_Program.o
                0x00002714                DIO_voidSetPinValue
 .text.DIO_voidSetPortValue
                0x00002934       0x88 ./MCAL/DIO/DIO_Program.o
                0x00002934                DIO_voidSetPortValue
 .text.DIO_u8GetPinValue
                0x000029bc      0x100 ./MCAL/DIO/DIO_Program.o
                0x000029bc                DIO_u8GetPinValue
 .text.DIO_u8GetPortValue
                0x00002abc       0x88 ./MCAL/DIO/DIO_Program.o
                0x00002abc                DIO_u8GetPortValue
 .text.DIO_voidTogglePinValue
                0x00002b44      0x10a ./MCAL/DIO/DIO_Program.o
                0x00002b44                DIO_voidTogglePinValue
 .text.DIO_voidTogglePortValue
                0x00002c4e       0x9e ./MCAL/DIO/DIO_Program.o
                0x00002c4e                DIO_voidTogglePortValue
 .text.ADC_voidInit
                0x00002cec       0x9a ./MCAL/ADC/ADC_Program.o
                0x00002cec                ADC_voidInit
 .text.ADC_u16ReadSynchronus
                0x00002d86      0x15a ./MCAL/ADC/ADC_Program.o
                0x00002d86                ADC_u16ReadSynchronus
 .text.ADC_u16ReadASynchronus
                0x00002ee0      0x184 ./MCAL/ADC/ADC_Program.o
                0x00002ee0                ADC_u16ReadASynchronus
 .text.__vector_16
                0x00003064       0x7e ./MCAL/ADC/ADC_Program.o
                0x00003064                __vector_16
 .text.LCD_voidInit
                0x000030e2      0x50a ./HAL/LCD/LCD_Program.o
                0x000030e2                LCD_voidInit
 .text.LCD_voidWriteCommand
                0x000035ec       0x44 ./HAL/LCD/LCD_Program.o
                0x000035ec                LCD_voidWriteCommand
 .text.LCD_voidWriteChar
                0x00003630       0x44 ./HAL/LCD/LCD_Program.o
                0x00003630                LCD_voidWriteChar
 .text.LCD_voidWriteString
                0x00003674       0x52 ./HAL/LCD/LCD_Program.o
                0x00003674                LCD_voidWriteString
 .text.LCD_voidWrite_u32Number
                0x000036c6       0xde ./HAL/LCD/LCD_Program.o
                0x000036c6                LCD_voidWrite_u32Number
 .text.LCD_voidGoTo_XY
                0x000037a4       0x5a ./HAL/LCD/LCD_Program.o
                0x000037a4                LCD_voidGoTo_XY
 .text.LCD_voidDrawPattern
                0x000037fe       0x4c ./HAL/LCD/LCD_Program.o
                0x000037fe                LCD_voidDrawPattern
 .text.LCD_voidWritePattern
                0x0000384a       0x2c ./HAL/LCD/LCD_Program.o
                0x0000384a                LCD_voidWritePattern
 .text.LCD_voidClearDisplay
                0x00003876       0x14 ./HAL/LCD/LCD_Program.o
                0x00003876                LCD_voidClearDisplay
 .text.LCD_voidShiftLeft
                0x0000388a       0x14 ./HAL/LCD/LCD_Program.o
                0x0000388a                LCD_voidShiftLeft
 .text.LCD_voidShiftRight
                0x0000389e       0x14 ./HAL/LCD/LCD_Program.o
                0x0000389e                LCD_voidShiftRight
 .text.LCD_voidClearGrid
                0x000038b2       0x26 ./HAL/LCD/LCD_Program.o
                0x000038b2                LCD_voidClearGrid
 .text.LCD_voidClearLine
                0x000038d8       0x34 ./HAL/LCD/LCD_Program.o
                0x000038d8                LCD_voidClearLine
 .text.DCMOTOR_voidInit1
                0x0000390c       0x22 ./HAL/DCMOTOR/DCMOTORS_Program.o
                0x0000390c                DCMOTOR_voidInit1
 .text.DCMOTOR_voidRotateCW1
                0x0000392e       0x22 ./HAL/DCMOTOR/DCMOTORS_Program.o
                0x0000392e                DCMOTOR_voidRotateCW1
 .text.DCMOTOR_voidInit2
                0x00003950       0x22 ./HAL/DCMOTOR/DCMOTORS_Program.o
                0x00003950                DCMOTOR_voidInit2
 .text.DCMOTOR_voidRotateCW2
                0x00003972       0x22 ./HAL/DCMOTOR/DCMOTORS_Program.o
                0x00003972                DCMOTOR_voidRotateCW2
 .text.DCMOTOR_voidStop1
                0x00003994       0x22 ./HAL/DCMOTOR/DCMOTORS_Program.o
                0x00003994                DCMOTOR_voidStop1
 .text.DCMOTOR_voidStop2
                0x000039b6       0x22 ./HAL/DCMOTOR/DCMOTORS_Program.o
                0x000039b6                DCMOTOR_voidStop2
 .text.main     0x000039d8      0xd6c ./App/main.o
                0x000039d8                main
 .text.StartProgram
                0x00004744       0x3a ./App/main.o
                0x00004744                StartProgram
 .text.UART_CallBack
                0x0000477e       0x1a ./App/main.o
                0x0000477e                UART_CallBack
 .text.Open_Light
                0x00004798       0xc8 ./App/main.o
                0x00004798                Open_Light
 .text.Close_Light
                0x00004860       0xc8 ./App/main.o
                0x00004860                Close_Light
 .text.Open_Fan
                0x00004928       0x64 ./App/main.o
                0x00004928                Open_Fan
 .text.Close_Fan
                0x0000498c       0x64 ./App/main.o
                0x0000498c                Close_Fan
 .text.Open_OutLight
                0x000049f0       0x28 ./App/main.o
                0x000049f0                Open_OutLight
 .text.Close_OutLight
                0x00004a18       0x28 ./App/main.o
                0x00004a18                Close_OutLight
 .text.Open_Condition
                0x00004a40       0x28 ./App/main.o
                0x00004a40                Open_Condition
 .text.Close_Condition
                0x00004a68       0x28 ./App/main.o
                0x00004a68                Close_Condition
 .text.Open_Oven
                0x00004a90       0x28 ./App/main.o
                0x00004a90                Open_Oven
 .text.Close_Oven
                0x00004ab8       0x28 ./App/main.o
                0x00004ab8                Close_Oven
 .text.Open_TV  0x00004ae0       0x28 ./App/main.o
                0x00004ae0                Open_TV
 .text.Close_TV
                0x00004b08       0x28 ./App/main.o
                0x00004b08                Close_TV
 .text.Open_Pump
                0x00004b30       0x28 ./App/main.o
                0x00004b30                Open_Pump
 .text.Close_Pump
                0x00004b58       0x18 ./App/main.o
                0x00004b58                Close_Pump
 .text.libgcc   0x00004b70       0x3e e:/2-iti/tools/imt_sdk_win_64/winavr/bin/../lib/gcc/avr/4.3.3/avr5\libgcc.a(_mulsi3.o)
                0x00004b70                __mulsi3
 .text.libgcc   0x00004bae       0x28 e:/2-iti/tools/imt_sdk_win_64/winavr/bin/../lib/gcc/avr/4.3.3/avr5\libgcc.a(_udivmodhi4.o)
                0x00004bae                __udivmodhi4
 .text.libgcc   0x00004bd6       0x44 e:/2-iti/tools/imt_sdk_win_64/winavr/bin/../lib/gcc/avr/4.3.3/avr5\libgcc.a(_udivmodsi4.o)
                0x00004bd6                __udivmodsi4
 .text.libgcc   0x00004c1a        0x0 e:/2-iti/tools/imt_sdk_win_64/winavr/bin/../lib/gcc/avr/4.3.3/avr5\libgcc.a(_exit.o)
 .text.libgcc   0x00004c1a        0x0 e:/2-iti/tools/imt_sdk_win_64/winavr/bin/../lib/gcc/avr/4.3.3/avr5\libgcc.a(_copy_data.o)
 .text.libgcc   0x00004c1a        0x0 e:/2-iti/tools/imt_sdk_win_64/winavr/bin/../lib/gcc/avr/4.3.3/avr5\libgcc.a(_clear_bss.o)
 .text.libgcc   0x00004c1a       0x38 e:/2-iti/tools/imt_sdk_win_64/winavr/bin/../lib/gcc/avr/4.3.3/avr5\libgcc.a(_prologue.o)
                0x00004c1a                __prologue_saves__
 .text.libgcc   0x00004c52       0x36 e:/2-iti/tools/imt_sdk_win_64/winavr/bin/../lib/gcc/avr/4.3.3/avr5\libgcc.a(_epilogue.o)
                0x00004c52                __epilogue_restores__
                0x00004c88                . = ALIGN (0x2)
 *(.fini9)
 .fini9         0x00004c88        0x0 e:/2-iti/tools/imt_sdk_win_64/winavr/bin/../lib/gcc/avr/4.3.3/avr5\libgcc.a(_exit.o)
                0x00004c88                exit
                0x00004c88                _exit
 *(.fini9)
 *(.fini8)
 *(.fini8)
 *(.fini7)
 *(.fini7)
 *(.fini6)
 *(.fini6)
 *(.fini5)
 *(.fini5)
 *(.fini4)
 *(.fini4)
 *(.fini3)
 *(.fini3)
 *(.fini2)
 *(.fini2)
 *(.fini1)
 *(.fini1)
 *(.fini0)
 .fini0         0x00004c88        0x4 e:/2-iti/tools/imt_sdk_win_64/winavr/bin/../lib/gcc/avr/4.3.3/avr5\libgcc.a(_exit.o)
 *(.fini0)
                0x00004c8c                _etext = .

.data           0x00800060      0x176 load address 0x00004c8c
                0x00800060                PROVIDE (__data_start, .)
 *(.data)
 .data          0x00800060        0x0 e:/2-iti/tools/imt_sdk_win_64/winavr/bin/../lib/gcc/avr/4.3.3/../../../../avr/lib/avr5/crtm32.o
 .data          0x00800060        0x0 ./MCAL/USART/USART_Program.o
 .data          0x00800060        0x0 ./MCAL/TIMERS/TIMER1/TIMER1_Program.o
 .data          0x00800060        0x0 ./MCAL/TIMERS/TIMER0/TIMER0_Program.o
 .data          0x00800060        0x0 ./MCAL/SPI/SPI_Program.o
 .data          0x00800060        0x0 ./MCAL/ICU/ICU_Program.o
 .data          0x00800060        0x0 ./MCAL/I2C/I2C_Program.o
 .data          0x00800060        0x0 ./MCAL/GIE/GIE_Program.o
 .data          0x00800060        0x0 ./MCAL/EXTI/EXTI_Program.o
 .data          0x00800060        0x0 ./MCAL/DIO/DIO_Program.o
 .data          0x00800060        0x0 ./MCAL/ADC/ADC_Program.o
 .data          0x00800060        0x0 ./HAL/LCD/LCD_Program.o
 .data          0x00800060        0x0 ./HAL/DCMOTOR/DCMOTORS_Program.o
 .data          0x00800060      0x16e ./App/main.o
 .data          0x008001ce        0x0 e:/2-iti/tools/imt_sdk_win_64/winavr/bin/../lib/gcc/avr/4.3.3/avr5\libgcc.a(_mulsi3.o)
 .data          0x008001ce        0x0 e:/2-iti/tools/imt_sdk_win_64/winavr/bin/../lib/gcc/avr/4.3.3/avr5\libgcc.a(_udivmodhi4.o)
 .data          0x008001ce        0x0 e:/2-iti/tools/imt_sdk_win_64/winavr/bin/../lib/gcc/avr/4.3.3/avr5\libgcc.a(_udivmodsi4.o)
 .data          0x008001ce        0x0 e:/2-iti/tools/imt_sdk_win_64/winavr/bin/../lib/gcc/avr/4.3.3/avr5\libgcc.a(_exit.o)
 .data          0x008001ce        0x0 e:/2-iti/tools/imt_sdk_win_64/winavr/bin/../lib/gcc/avr/4.3.3/avr5\libgcc.a(_copy_data.o)
 .data          0x008001ce        0x0 e:/2-iti/tools/imt_sdk_win_64/winavr/bin/../lib/gcc/avr/4.3.3/avr5\libgcc.a(_clear_bss.o)
 .data          0x008001ce        0x0 e:/2-iti/tools/imt_sdk_win_64/winavr/bin/../lib/gcc/avr/4.3.3/avr5\libgcc.a(_fixunssfsi.o)
 .data          0x008001ce        0x0 e:/2-iti/tools/imt_sdk_win_64/winavr/bin/../lib/gcc/avr/4.3.3/avr5\libgcc.a(_addsub_sf.o)
 .data          0x008001ce        0x0 e:/2-iti/tools/imt_sdk_win_64/winavr/bin/../lib/gcc/avr/4.3.3/avr5\libgcc.a(_mul_sf.o)
 .data          0x008001ce        0x0 e:/2-iti/tools/imt_sdk_win_64/winavr/bin/../lib/gcc/avr/4.3.3/avr5\libgcc.a(_gt_sf.o)
 .data          0x008001ce        0x0 e:/2-iti/tools/imt_sdk_win_64/winavr/bin/../lib/gcc/avr/4.3.3/avr5\libgcc.a(_ge_sf.o)
 .data          0x008001ce        0x0 e:/2-iti/tools/imt_sdk_win_64/winavr/bin/../lib/gcc/avr/4.3.3/avr5\libgcc.a(_lt_sf.o)
 .data          0x008001ce        0x0 e:/2-iti/tools/imt_sdk_win_64/winavr/bin/../lib/gcc/avr/4.3.3/avr5\libgcc.a(_sf_to_si.o)
 .data          0x008001ce        0x8 e:/2-iti/tools/imt_sdk_win_64/winavr/bin/../lib/gcc/avr/4.3.3/avr5\libgcc.a(_thenan_sf.o)
                0x008001ce                __thenan_sf
 .data          0x008001d6        0x0 e:/2-iti/tools/imt_sdk_win_64/winavr/bin/../lib/gcc/avr/4.3.3/avr5\libgcc.a(_prologue.o)
 .data          0x008001d6        0x0 e:/2-iti/tools/imt_sdk_win_64/winavr/bin/../lib/gcc/avr/4.3.3/avr5\libgcc.a(_epilogue.o)
 .data          0x008001d6        0x0 e:/2-iti/tools/imt_sdk_win_64/winavr/bin/../lib/gcc/avr/4.3.3/avr5\libgcc.a(_pack_sf.o)
 .data          0x008001d6        0x0 e:/2-iti/tools/imt_sdk_win_64/winavr/bin/../lib/gcc/avr/4.3.3/avr5\libgcc.a(_unpack_sf.o)
 .data          0x008001d6        0x0 e:/2-iti/tools/imt_sdk_win_64/winavr/bin/../lib/gcc/avr/4.3.3/avr5\libgcc.a(_fpcmp_parts_sf.o)
 *(.data*)
 *(.rodata)
 *(.rodata*)
 *(.gnu.linkonce.d*)
                0x008001d6                . = ALIGN (0x2)
                0x008001d6                _edata = .
                0x008001d6                PROVIDE (__data_end, .)

.bss            0x008001d6       0x2f
                0x008001d6                PROVIDE (__bss_start, .)
 *(.bss)
 .bss           0x008001d6        0x0 e:/2-iti/tools/imt_sdk_win_64/winavr/bin/../lib/gcc/avr/4.3.3/../../../../avr/lib/avr5/crtm32.o
 .bss           0x008001d6        0x0 ./MCAL/USART/USART_Program.o
 .bss           0x008001d6        0x0 ./MCAL/TIMERS/TIMER1/TIMER1_Program.o
 .bss           0x008001d6        0x0 ./MCAL/TIMERS/TIMER0/TIMER0_Program.o
 .bss           0x008001d6        0x0 ./MCAL/SPI/SPI_Program.o
 .bss           0x008001d6        0x0 ./MCAL/ICU/ICU_Program.o
 .bss           0x008001d6        0x0 ./MCAL/I2C/I2C_Program.o
 .bss           0x008001d6        0x0 ./MCAL/GIE/GIE_Program.o
 .bss           0x008001d6        0x0 ./MCAL/EXTI/EXTI_Program.o
 .bss           0x008001d6        0x0 ./MCAL/DIO/DIO_Program.o
 .bss           0x008001d6        0x0 ./MCAL/ADC/ADC_Program.o
 .bss           0x008001d6        0x0 ./HAL/LCD/LCD_Program.o
 .bss           0x008001d6        0x0 ./HAL/DCMOTOR/DCMOTORS_Program.o
 .bss           0x008001d6        0x0 ./App/main.o
 .bss           0x008001d6        0x0 e:/2-iti/tools/imt_sdk_win_64/winavr/bin/../lib/gcc/avr/4.3.3/avr5\libgcc.a(_mulsi3.o)
 .bss           0x008001d6        0x0 e:/2-iti/tools/imt_sdk_win_64/winavr/bin/../lib/gcc/avr/4.3.3/avr5\libgcc.a(_udivmodhi4.o)
 .bss           0x008001d6        0x0 e:/2-iti/tools/imt_sdk_win_64/winavr/bin/../lib/gcc/avr/4.3.3/avr5\libgcc.a(_udivmodsi4.o)
 .bss           0x008001d6        0x0 e:/2-iti/tools/imt_sdk_win_64/winavr/bin/../lib/gcc/avr/4.3.3/avr5\libgcc.a(_exit.o)
 .bss           0x008001d6        0x0 e:/2-iti/tools/imt_sdk_win_64/winavr/bin/../lib/gcc/avr/4.3.3/avr5\libgcc.a(_copy_data.o)
 .bss           0x008001d6        0x0 e:/2-iti/tools/imt_sdk_win_64/winavr/bin/../lib/gcc/avr/4.3.3/avr5\libgcc.a(_clear_bss.o)
 .bss           0x008001d6        0x0 e:/2-iti/tools/imt_sdk_win_64/winavr/bin/../lib/gcc/avr/4.3.3/avr5\libgcc.a(_fixunssfsi.o)
 .bss           0x008001d6        0x0 e:/2-iti/tools/imt_sdk_win_64/winavr/bin/../lib/gcc/avr/4.3.3/avr5\libgcc.a(_addsub_sf.o)
 .bss           0x008001d6        0x0 e:/2-iti/tools/imt_sdk_win_64/winavr/bin/../lib/gcc/avr/4.3.3/avr5\libgcc.a(_mul_sf.o)
 .bss           0x008001d6        0x0 e:/2-iti/tools/imt_sdk_win_64/winavr/bin/../lib/gcc/avr/4.3.3/avr5\libgcc.a(_gt_sf.o)
 .bss           0x008001d6        0x0 e:/2-iti/tools/imt_sdk_win_64/winavr/bin/../lib/gcc/avr/4.3.3/avr5\libgcc.a(_ge_sf.o)
 .bss           0x008001d6        0x0 e:/2-iti/tools/imt_sdk_win_64/winavr/bin/../lib/gcc/avr/4.3.3/avr5\libgcc.a(_lt_sf.o)
 .bss           0x008001d6        0x0 e:/2-iti/tools/imt_sdk_win_64/winavr/bin/../lib/gcc/avr/4.3.3/avr5\libgcc.a(_sf_to_si.o)
 .bss           0x008001d6        0x0 e:/2-iti/tools/imt_sdk_win_64/winavr/bin/../lib/gcc/avr/4.3.3/avr5\libgcc.a(_thenan_sf.o)
 .bss           0x008001d6        0x0 e:/2-iti/tools/imt_sdk_win_64/winavr/bin/../lib/gcc/avr/4.3.3/avr5\libgcc.a(_prologue.o)
 .bss           0x008001d6        0x0 e:/2-iti/tools/imt_sdk_win_64/winavr/bin/../lib/gcc/avr/4.3.3/avr5\libgcc.a(_epilogue.o)
 .bss           0x008001d6        0x0 e:/2-iti/tools/imt_sdk_win_64/winavr/bin/../lib/gcc/avr/4.3.3/avr5\libgcc.a(_pack_sf.o)
 .bss           0x008001d6        0x0 e:/2-iti/tools/imt_sdk_win_64/winavr/bin/../lib/gcc/avr/4.3.3/avr5\libgcc.a(_unpack_sf.o)
 .bss           0x008001d6        0x0 e:/2-iti/tools/imt_sdk_win_64/winavr/bin/../lib/gcc/avr/4.3.3/avr5\libgcc.a(_fpcmp_parts_sf.o)
 *(.bss*)
 .bss.Global_PF_Vector_15
                0x008001d6        0x2 ./MCAL/USART/USART_Program.o
                0x008001d6                Global_PF_Vector_15
 .bss.Global_u8TXData
                0x008001d8        0x1 ./MCAL/USART/USART_Program.o
                0x008001d8                Global_u8TXData
 .bss.Global_u8RXData
                0x008001d9        0x2 ./MCAL/USART/USART_Program.o
                0x008001d9                Global_u8RXData
 .bss.Global_PointerToFunction_OVF_T1
                0x008001db        0x2 ./MCAL/TIMERS/TIMER1/TIMER1_Program.o
                0x008001db                Global_PointerToFunction_OVF_T1
 .bss.Global_PointerToFunction_CTC_T1
                0x008001dd        0x2 ./MCAL/TIMERS/TIMER1/TIMER1_Program.o
                0x008001dd                Global_PointerToFunction_CTC_T1
 .bss.Global_u16PreloadValue
                0x008001df        0x2 ./MCAL/TIMERS/TIMER1/TIMER1_Program.o
                0x008001df                Global_u16PreloadValue
 .bss.Global_u16CompareMatchValue_1A
                0x008001e1        0x2 ./MCAL/TIMERS/TIMER1/TIMER1_Program.o
                0x008001e1                Global_u16CompareMatchValue_1A
 .bss.Global_u16CompareMatchValue_1B
                0x008001e3        0x2 ./MCAL/TIMERS/TIMER1/TIMER1_Program.o
                0x008001e3                Global_u16CompareMatchValue_1B
 .bss.Global_PointerToFunction_OVF_T0
                0x008001e5        0x2 ./MCAL/TIMERS/TIMER0/TIMER0_Program.o
                0x008001e5                Global_PointerToFunction_OVF_T0
 .bss.Global_PointerToFunction_CTC_T0
                0x008001e7        0x2 ./MCAL/TIMERS/TIMER0/TIMER0_Program.o
                0x008001e7                Global_PointerToFunction_CTC_T0
 .bss.Global_u8PreloadValue
                0x008001e9        0x2 ./MCAL/TIMERS/TIMER0/TIMER0_Program.o
                0x008001e9                Global_u8PreloadValue
 .bss.Global_u8CompareMatchValue
                0x008001eb        0x2 ./MCAL/TIMERS/TIMER0/TIMER0_Program.o
                0x008001eb                Global_u8CompareMatchValue
 .bss.Global_u32Time_ms
                0x008001ed        0x4 ./MCAL/TIMERS/TIMER0/TIMER0_Program.o
                0x008001ed                Global_u32Time_ms
 .bss.counter.1303
                0x008001f1        0x2 ./MCAL/TIMERS/TIMER0/TIMER0_Program.o
 .bss.counter.1322
                0x008001f3        0x2 ./MCAL/TIMERS/TIMER0/TIMER0_Program.o
 .bss.Global_PF_Vector_12
                0x008001f5        0x2 ./MCAL/SPI/SPI_Program.o
                0x008001f5                Global_PF_Vector_12
 .bss.GlobalPF_vector_6
                0x008001f7        0x2 ./MCAL/ICU/ICU_Program.o
                0x008001f7                GlobalPF_vector_6
 .bss.Global_PF_Vector_1
                0x008001f9        0x2 ./MCAL/EXTI/EXTI_Program.o
                0x008001f9                Global_PF_Vector_1
 .bss.Global_PF_Vector_2
                0x008001fb        0x2 ./MCAL/EXTI/EXTI_Program.o
                0x008001fb                Global_PF_Vector_2
 .bss.Global_PF_Vector_3
                0x008001fd        0x2 ./MCAL/EXTI/EXTI_Program.o
                0x008001fd                Global_PF_Vector_3
 .bss.Global_PF_Vector_16
                0x008001ff        0x2 ./MCAL/ADC/ADC_Program.o
                0x008001ff                Global_PF_Vector_16
 .bss.ADC_u16Result
                0x00800201        0x2 ./MCAL/ADC/ADC_Program.o
                0x00800201                ADC_u16Result
 .bss.ADC_u18BusyFlag
                0x00800203        0x1 ./MCAL/ADC/ADC_Program.o
                0x00800203                ADC_u18BusyFlag
 .bss.ExitAutoData
                0x00800204        0x1 ./App/main.o
                0x00800204                ExitAutoData
 *(COMMON)
                0x00800205                PROVIDE (__bss_end, .)
                0x00004c8c                __data_load_start = LOADADDR (.data)
                0x00004e02                __data_load_end = (__data_load_start + SIZEOF (.data))

.noinit         0x00800205        0x0
                0x00800205                PROVIDE (__noinit_start, .)
 *(.noinit*)
                0x00800205                PROVIDE (__noinit_end, .)
                0x00800205                _end = .
                0x00800205                PROVIDE (__heap_start, .)

.eeprom         0x00810000        0x0
 *(.eeprom*)
                0x00810000                __eeprom_end = .

.fuse
 *(.fuse)
 *(.lfuse)
 *(.hfuse)
 *(.efuse)

.lock
 *(.lock*)

.signature
 *(.signature*)

.stab           0x00000000     0x5afc
 *(.stab)
 .stab          0x00000000      0x45c ./MCAL/USART/USART_Program.o
 .stab          0x0000045c      0x420 ./MCAL/TIMERS/TIMER1/TIMER1_Program.o
                                0x42c (size before relaxing)
 .stab          0x0000087c      0x648 ./MCAL/TIMERS/TIMER0/TIMER0_Program.o
                                0x654 (size before relaxing)
 .stab          0x00000ec4      0x540 ./MCAL/SPI/SPI_Program.o
                                0x54c (size before relaxing)
 .stab          0x00001404      0x330 ./MCAL/ICU/ICU_Program.o
                                0x33c (size before relaxing)
 .stab          0x00001734      0xdd4 ./MCAL/I2C/I2C_Program.o
                                0xde0 (size before relaxing)
 .stab          0x00002508      0x1b0 ./MCAL/GIE/GIE_Program.o
                                0x1bc (size before relaxing)
 .stab          0x000026b8      0x45c ./MCAL/EXTI/EXTI_Program.o
                                0x468 (size before relaxing)
 .stab          0x00002b14      0x6a8 ./MCAL/DIO/DIO_Program.o
                                0x6b4 (size before relaxing)
 .stab          0x000031bc      0x480 ./MCAL/ADC/ADC_Program.o
                                0x48c (size before relaxing)
 .stab          0x0000363c      0xc18 ./HAL/LCD/LCD_Program.o
                                0xc24 (size before relaxing)
 .stab          0x00004254      0x2dc ./HAL/DCMOTOR/DCMOTORS_Program.o
                                0x474 (size before relaxing)
 .stab          0x00004530     0x15cc ./App/main.o
                               0x1764 (size before relaxing)

.stabstr        0x00000000     0x239a
 *(.stabstr)
 .stabstr       0x00000000     0x239a ./MCAL/USART/USART_Program.o

.stab.excl
 *(.stab.excl)

.stab.exclstr
 *(.stab.exclstr)

.stab.index
 *(.stab.index)

.stab.indexstr
 *(.stab.indexstr)

.comment
 *(.comment)

.debug
 *(.debug)

.line
 *(.line)

.debug_srcinfo
 *(.debug_srcinfo)

.debug_sfnames
 *(.debug_sfnames)

.debug_aranges  0x00000000      0x140
 *(.debug_aranges)
 .debug_aranges
                0x00000000       0x20 e:/2-iti/tools/imt_sdk_win_64/winavr/bin/../lib/gcc/avr/4.3.3/avr5\libgcc.a(_fixunssfsi.o)
 .debug_aranges
                0x00000020       0x20 e:/2-iti/tools/imt_sdk_win_64/winavr/bin/../lib/gcc/avr/4.3.3/avr5\libgcc.a(_addsub_sf.o)
 .debug_aranges
                0x00000040       0x20 e:/2-iti/tools/imt_sdk_win_64/winavr/bin/../lib/gcc/avr/4.3.3/avr5\libgcc.a(_mul_sf.o)
 .debug_aranges
                0x00000060       0x20 e:/2-iti/tools/imt_sdk_win_64/winavr/bin/../lib/gcc/avr/4.3.3/avr5\libgcc.a(_gt_sf.o)
 .debug_aranges
                0x00000080       0x20 e:/2-iti/tools/imt_sdk_win_64/winavr/bin/../lib/gcc/avr/4.3.3/avr5\libgcc.a(_ge_sf.o)
 .debug_aranges
                0x000000a0       0x20 e:/2-iti/tools/imt_sdk_win_64/winavr/bin/../lib/gcc/avr/4.3.3/avr5\libgcc.a(_lt_sf.o)
 .debug_aranges
                0x000000c0       0x20 e:/2-iti/tools/imt_sdk_win_64/winavr/bin/../lib/gcc/avr/4.3.3/avr5\libgcc.a(_sf_to_si.o)
 .debug_aranges
                0x000000e0       0x20 e:/2-iti/tools/imt_sdk_win_64/winavr/bin/../lib/gcc/avr/4.3.3/avr5\libgcc.a(_pack_sf.o)
 .debug_aranges
                0x00000100       0x20 e:/2-iti/tools/imt_sdk_win_64/winavr/bin/../lib/gcc/avr/4.3.3/avr5\libgcc.a(_unpack_sf.o)
 .debug_aranges
                0x00000120       0x20 e:/2-iti/tools/imt_sdk_win_64/winavr/bin/../lib/gcc/avr/4.3.3/avr5\libgcc.a(_fpcmp_parts_sf.o)

.debug_pubnames
                0x00000000      0x170
 *(.debug_pubnames)
 .debug_pubnames
                0x00000000       0x23 e:/2-iti/tools/imt_sdk_win_64/winavr/bin/../lib/gcc/avr/4.3.3/avr5\libgcc.a(_fixunssfsi.o)
 .debug_pubnames
                0x00000023       0x2c e:/2-iti/tools/imt_sdk_win_64/winavr/bin/../lib/gcc/avr/4.3.3/avr5\libgcc.a(_addsub_sf.o)
 .debug_pubnames
                0x0000004f       0x1f e:/2-iti/tools/imt_sdk_win_64/winavr/bin/../lib/gcc/avr/4.3.3/avr5\libgcc.a(_mul_sf.o)
 .debug_pubnames
                0x0000006e       0x1e e:/2-iti/tools/imt_sdk_win_64/winavr/bin/../lib/gcc/avr/4.3.3/avr5\libgcc.a(_gt_sf.o)
 .debug_pubnames
                0x0000008c       0x1e e:/2-iti/tools/imt_sdk_win_64/winavr/bin/../lib/gcc/avr/4.3.3/avr5\libgcc.a(_ge_sf.o)
 .debug_pubnames
                0x000000aa       0x1e e:/2-iti/tools/imt_sdk_win_64/winavr/bin/../lib/gcc/avr/4.3.3/avr5\libgcc.a(_lt_sf.o)
 .debug_pubnames
                0x000000c8       0x20 e:/2-iti/tools/imt_sdk_win_64/winavr/bin/../lib/gcc/avr/4.3.3/avr5\libgcc.a(_sf_to_si.o)
 .debug_pubnames
                0x000000e8       0x22 e:/2-iti/tools/imt_sdk_win_64/winavr/bin/../lib/gcc/avr/4.3.3/avr5\libgcc.a(_thenan_sf.o)
 .debug_pubnames
                0x0000010a       0x1f e:/2-iti/tools/imt_sdk_win_64/winavr/bin/../lib/gcc/avr/4.3.3/avr5\libgcc.a(_pack_sf.o)
 .debug_pubnames
                0x00000129       0x21 e:/2-iti/tools/imt_sdk_win_64/winavr/bin/../lib/gcc/avr/4.3.3/avr5\libgcc.a(_unpack_sf.o)
 .debug_pubnames
                0x0000014a       0x26 e:/2-iti/tools/imt_sdk_win_64/winavr/bin/../lib/gcc/avr/4.3.3/avr5\libgcc.a(_fpcmp_parts_sf.o)

.debug_info     0x00000000     0x1c49
 *(.debug_info)
 .debug_info    0x00000000       0xb1 e:/2-iti/tools/imt_sdk_win_64/winavr/bin/../lib/gcc/avr/4.3.3/avr5\libgcc.a(_fixunssfsi.o)
 .debug_info    0x000000b1      0x47a e:/2-iti/tools/imt_sdk_win_64/winavr/bin/../lib/gcc/avr/4.3.3/avr5\libgcc.a(_addsub_sf.o)
 .debug_info    0x0000052b      0x485 e:/2-iti/tools/imt_sdk_win_64/winavr/bin/../lib/gcc/avr/4.3.3/avr5\libgcc.a(_mul_sf.o)
 .debug_info    0x000009b0      0x27f e:/2-iti/tools/imt_sdk_win_64/winavr/bin/../lib/gcc/avr/4.3.3/avr5\libgcc.a(_gt_sf.o)
 .debug_info    0x00000c2f      0x27f e:/2-iti/tools/imt_sdk_win_64/winavr/bin/../lib/gcc/avr/4.3.3/avr5\libgcc.a(_ge_sf.o)
 .debug_info    0x00000eae      0x27f e:/2-iti/tools/imt_sdk_win_64/winavr/bin/../lib/gcc/avr/4.3.3/avr5\libgcc.a(_lt_sf.o)
 .debug_info    0x0000112d      0x2b0 e:/2-iti/tools/imt_sdk_win_64/winavr/bin/../lib/gcc/avr/4.3.3/avr5\libgcc.a(_sf_to_si.o)
 .debug_info    0x000013dd      0x12c e:/2-iti/tools/imt_sdk_win_64/winavr/bin/../lib/gcc/avr/4.3.3/avr5\libgcc.a(_thenan_sf.o)
 .debug_info    0x00001509      0x2df e:/2-iti/tools/imt_sdk_win_64/winavr/bin/../lib/gcc/avr/4.3.3/avr5\libgcc.a(_pack_sf.o)
 .debug_info    0x000017e8      0x251 e:/2-iti/tools/imt_sdk_win_64/winavr/bin/../lib/gcc/avr/4.3.3/avr5\libgcc.a(_unpack_sf.o)
 .debug_info    0x00001a39      0x210 e:/2-iti/tools/imt_sdk_win_64/winavr/bin/../lib/gcc/avr/4.3.3/avr5\libgcc.a(_fpcmp_parts_sf.o)
 *(.gnu.linkonce.wi.*)

.debug_abbrev   0x00000000      0xeeb
 *(.debug_abbrev)
 .debug_abbrev  0x00000000       0x5d e:/2-iti/tools/imt_sdk_win_64/winavr/bin/../lib/gcc/avr/4.3.3/avr5\libgcc.a(_fixunssfsi.o)
 .debug_abbrev  0x0000005d      0x1ea e:/2-iti/tools/imt_sdk_win_64/winavr/bin/../lib/gcc/avr/4.3.3/avr5\libgcc.a(_addsub_sf.o)
 .debug_abbrev  0x00000247      0x21b e:/2-iti/tools/imt_sdk_win_64/winavr/bin/../lib/gcc/avr/4.3.3/avr5\libgcc.a(_mul_sf.o)
 .debug_abbrev  0x00000462      0x15a e:/2-iti/tools/imt_sdk_win_64/winavr/bin/../lib/gcc/avr/4.3.3/avr5\libgcc.a(_gt_sf.o)
 .debug_abbrev  0x000005bc      0x15a e:/2-iti/tools/imt_sdk_win_64/winavr/bin/../lib/gcc/avr/4.3.3/avr5\libgcc.a(_ge_sf.o)
 .debug_abbrev  0x00000716      0x15a e:/2-iti/tools/imt_sdk_win_64/winavr/bin/../lib/gcc/avr/4.3.3/avr5\libgcc.a(_lt_sf.o)
 .debug_abbrev  0x00000870      0x17f e:/2-iti/tools/imt_sdk_win_64/winavr/bin/../lib/gcc/avr/4.3.3/avr5\libgcc.a(_sf_to_si.o)
 .debug_abbrev  0x000009ef       0xad e:/2-iti/tools/imt_sdk_win_64/winavr/bin/../lib/gcc/avr/4.3.3/avr5\libgcc.a(_thenan_sf.o)
 .debug_abbrev  0x00000a9c      0x1c0 e:/2-iti/tools/imt_sdk_win_64/winavr/bin/../lib/gcc/avr/4.3.3/avr5\libgcc.a(_pack_sf.o)
 .debug_abbrev  0x00000c5c      0x154 e:/2-iti/tools/imt_sdk_win_64/winavr/bin/../lib/gcc/avr/4.3.3/avr5\libgcc.a(_unpack_sf.o)
 .debug_abbrev  0x00000db0      0x13b e:/2-iti/tools/imt_sdk_win_64/winavr/bin/../lib/gcc/avr/4.3.3/avr5\libgcc.a(_fpcmp_parts_sf.o)

.debug_line     0x00000000      0xdad
 *(.debug_line)
 .debug_line    0x00000000       0xa7 e:/2-iti/tools/imt_sdk_win_64/winavr/bin/../lib/gcc/avr/4.3.3/avr5\libgcc.a(_fixunssfsi.o)
 .debug_line    0x000000a7      0x2af e:/2-iti/tools/imt_sdk_win_64/winavr/bin/../lib/gcc/avr/4.3.3/avr5\libgcc.a(_addsub_sf.o)
 .debug_line    0x00000356      0x239 e:/2-iti/tools/imt_sdk_win_64/winavr/bin/../lib/gcc/avr/4.3.3/avr5\libgcc.a(_mul_sf.o)
 .debug_line    0x0000058f       0xd3 e:/2-iti/tools/imt_sdk_win_64/winavr/bin/../lib/gcc/avr/4.3.3/avr5\libgcc.a(_gt_sf.o)
 .debug_line    0x00000662       0xd3 e:/2-iti/tools/imt_sdk_win_64/winavr/bin/../lib/gcc/avr/4.3.3/avr5\libgcc.a(_ge_sf.o)
 .debug_line    0x00000735       0xd3 e:/2-iti/tools/imt_sdk_win_64/winavr/bin/../lib/gcc/avr/4.3.3/avr5\libgcc.a(_lt_sf.o)
 .debug_line    0x00000808      0x109 e:/2-iti/tools/imt_sdk_win_64/winavr/bin/../lib/gcc/avr/4.3.3/avr5\libgcc.a(_sf_to_si.o)
 .debug_line    0x00000911       0x90 e:/2-iti/tools/imt_sdk_win_64/winavr/bin/../lib/gcc/avr/4.3.3/avr5\libgcc.a(_thenan_sf.o)
 .debug_line    0x000009a1      0x18a e:/2-iti/tools/imt_sdk_win_64/winavr/bin/../lib/gcc/avr/4.3.3/avr5\libgcc.a(_pack_sf.o)
 .debug_line    0x00000b2b      0x14b e:/2-iti/tools/imt_sdk_win_64/winavr/bin/../lib/gcc/avr/4.3.3/avr5\libgcc.a(_unpack_sf.o)
 .debug_line    0x00000c76      0x137 e:/2-iti/tools/imt_sdk_win_64/winavr/bin/../lib/gcc/avr/4.3.3/avr5\libgcc.a(_fpcmp_parts_sf.o)

.debug_frame    0x00000000      0x160
 *(.debug_frame)
 .debug_frame   0x00000000       0x20 e:/2-iti/tools/imt_sdk_win_64/winavr/bin/../lib/gcc/avr/4.3.3/avr5\libgcc.a(_fixunssfsi.o)
 .debug_frame   0x00000020       0x40 e:/2-iti/tools/imt_sdk_win_64/winavr/bin/../lib/gcc/avr/4.3.3/avr5\libgcc.a(_addsub_sf.o)
 .debug_frame   0x00000060       0x20 e:/2-iti/tools/imt_sdk_win_64/winavr/bin/../lib/gcc/avr/4.3.3/avr5\libgcc.a(_mul_sf.o)
 .debug_frame   0x00000080       0x20 e:/2-iti/tools/imt_sdk_win_64/winavr/bin/../lib/gcc/avr/4.3.3/avr5\libgcc.a(_gt_sf.o)
 .debug_frame   0x000000a0       0x20 e:/2-iti/tools/imt_sdk_win_64/winavr/bin/../lib/gcc/avr/4.3.3/avr5\libgcc.a(_ge_sf.o)
 .debug_frame   0x000000c0       0x20 e:/2-iti/tools/imt_sdk_win_64/winavr/bin/../lib/gcc/avr/4.3.3/avr5\libgcc.a(_lt_sf.o)
 .debug_frame   0x000000e0       0x20 e:/2-iti/tools/imt_sdk_win_64/winavr/bin/../lib/gcc/avr/4.3.3/avr5\libgcc.a(_sf_to_si.o)
 .debug_frame   0x00000100       0x20 e:/2-iti/tools/imt_sdk_win_64/winavr/bin/../lib/gcc/avr/4.3.3/avr5\libgcc.a(_pack_sf.o)
 .debug_frame   0x00000120       0x20 e:/2-iti/tools/imt_sdk_win_64/winavr/bin/../lib/gcc/avr/4.3.3/avr5\libgcc.a(_unpack_sf.o)
 .debug_frame   0x00000140       0x20 e:/2-iti/tools/imt_sdk_win_64/winavr/bin/../lib/gcc/avr/4.3.3/avr5\libgcc.a(_fpcmp_parts_sf.o)

.debug_str      0x00000000      0x28d
 *(.debug_str)
 .debug_str     0x00000000       0xbf e:/2-iti/tools/imt_sdk_win_64/winavr/bin/../lib/gcc/avr/4.3.3/avr5\libgcc.a(_fixunssfsi.o)
                                 0xfe (size before relaxing)
 .debug_str     0x000000bf      0x14d e:/2-iti/tools/imt_sdk_win_64/winavr/bin/../lib/gcc/avr/4.3.3/avr5\libgcc.a(_addsub_sf.o)
                                0x206 (size before relaxing)
 .debug_str     0x0000020c       0x27 e:/2-iti/tools/imt_sdk_win_64/winavr/bin/../lib/gcc/avr/4.3.3/avr5\libgcc.a(_mul_sf.o)
                                0x1bf (size before relaxing)
 .debug_str     0x00000233        0xf e:/2-iti/tools/imt_sdk_win_64/winavr/bin/../lib/gcc/avr/4.3.3/avr5\libgcc.a(_gt_sf.o)
                                0x195 (size before relaxing)
 .debug_str     0x00000242        0x8 e:/2-iti/tools/imt_sdk_win_64/winavr/bin/../lib/gcc/avr/4.3.3/avr5\libgcc.a(_ge_sf.o)
                                0x195 (size before relaxing)
 .debug_str     0x0000024a        0x8 e:/2-iti/tools/imt_sdk_win_64/winavr/bin/../lib/gcc/avr/4.3.3/avr5\libgcc.a(_lt_sf.o)
                                0x195 (size before relaxing)
 .debug_str     0x00000252        0xa e:/2-iti/tools/imt_sdk_win_64/winavr/bin/../lib/gcc/avr/4.3.3/avr5\libgcc.a(_sf_to_si.o)
                                0x19e (size before relaxing)
 .debug_str     0x00000000      0x103 e:/2-iti/tools/imt_sdk_win_64/winavr/bin/../lib/gcc/avr/4.3.3/avr5\libgcc.a(_thenan_sf.o)
 .debug_str     0x0000025c       0x16 e:/2-iti/tools/imt_sdk_win_64/winavr/bin/../lib/gcc/avr/4.3.3/avr5\libgcc.a(_pack_sf.o)
                                0x19d (size before relaxing)
 .debug_str     0x00000272        0xb e:/2-iti/tools/imt_sdk_win_64/winavr/bin/../lib/gcc/avr/4.3.3/avr5\libgcc.a(_unpack_sf.o)
                                0x17f (size before relaxing)
 .debug_str     0x0000027d       0x10 e:/2-iti/tools/imt_sdk_win_64/winavr/bin/../lib/gcc/avr/4.3.3/avr5\libgcc.a(_fpcmp_parts_sf.o)
                                0x163 (size before relaxing)

.debug_loc      0x00000000      0x7ce
 *(.debug_loc)
 .debug_loc     0x00000000       0x34 e:/2-iti/tools/imt_sdk_win_64/winavr/bin/../lib/gcc/avr/4.3.3/avr5\libgcc.a(_fixunssfsi.o)
 .debug_loc     0x00000034      0x32a e:/2-iti/tools/imt_sdk_win_64/winavr/bin/../lib/gcc/avr/4.3.3/avr5\libgcc.a(_addsub_sf.o)
 .debug_loc     0x0000035e      0x104 e:/2-iti/tools/imt_sdk_win_64/winavr/bin/../lib/gcc/avr/4.3.3/avr5\libgcc.a(_mul_sf.o)
 .debug_loc     0x00000462       0x3c e:/2-iti/tools/imt_sdk_win_64/winavr/bin/../lib/gcc/avr/4.3.3/avr5\libgcc.a(_gt_sf.o)
 .debug_loc     0x0000049e       0x3c e:/2-iti/tools/imt_sdk_win_64/winavr/bin/../lib/gcc/avr/4.3.3/avr5\libgcc.a(_ge_sf.o)
 .debug_loc     0x000004da       0x3c e:/2-iti/tools/imt_sdk_win_64/winavr/bin/../lib/gcc/avr/4.3.3/avr5\libgcc.a(_lt_sf.o)
 .debug_loc     0x00000516       0x7e e:/2-iti/tools/imt_sdk_win_64/winavr/bin/../lib/gcc/avr/4.3.3/avr5\libgcc.a(_sf_to_si.o)
 .debug_loc     0x00000594      0x13e e:/2-iti/tools/imt_sdk_win_64/winavr/bin/../lib/gcc/avr/4.3.3/avr5\libgcc.a(_pack_sf.o)
 .debug_loc     0x000006d2       0xac e:/2-iti/tools/imt_sdk_win_64/winavr/bin/../lib/gcc/avr/4.3.3/avr5\libgcc.a(_unpack_sf.o)
 .debug_loc     0x0000077e       0x50 e:/2-iti/tools/imt_sdk_win_64/winavr/bin/../lib/gcc/avr/4.3.3/avr5\libgcc.a(_fpcmp_parts_sf.o)

.debug_macinfo
 *(.debug_macinfo)
OUTPUT(smart_home_slave.elf elf32-avr)
LOAD linker stubs

.debug_ranges   0x00000000       0x50
 .debug_ranges  0x00000000       0x50 e:/2-iti/tools/imt_sdk_win_64/winavr/bin/../lib/gcc/avr/4.3.3/avr5\libgcc.a(_mul_sf.o)
